0.4975049950024995
0.0
0.0
0.0
0.0
0.0
0.0
0.0
0.0
0.0
0.0
0.0
0.0
0.0
0.0
0.0
0.0
0.0
0.0
0.0
0.0
0.0
0.0
0.0
0.0
0.0
0.0
0.0
0.0
0.5
0.0
0.0
0.0
0.0
0.0
0.0
0.0
-0.0004990004999999997
-0.0004985014994999998
-0.0004980029980005002
0.0
-0.0004999999999999999
-0.0004994999999999999
0.0
0.0
0.0
0.0
0.0
0.0
