-7.66116708660012
1.3411763263964611
1.3419332653944924
1.3370748857368524
-0.0013201697867872468
0.0010668243394517697
0.0012565450062079566
