-200.0
-168.0
-178.0
-186.0
-147.0
-110.0
-107.0
-106.0
-106.0
-105.0
-105.0
-106.0
-105.0
-106.0
-105.0
-178.0
-104.0
-151.0
-149.0
-169.0
-178.0
-113.0
-165.0
-141.0
-178.0
